// Jest Snapshot v1, https://goo.gl/fbAQLP

exports[`CancelButtonComponent should create 1`] = `
<div
  id="root0"
>
  <section
    class="devio-food-search"
  >
    <form
      class="example-form ng-untouched ng-pristine ng-valid"
      novalidate=""
    >
      <mat-form-field
        appearance="outline"
        class="mat-mdc-form-field mat-mdc-form-field-type-mat-input mat-form-field-appearance-outline mat-form-field-hide-placeholder mat-primary"
      >
        
        <div
          class="mat-mdc-text-field-wrapper mdc-text-field mdc-text-field--outlined"
        >
          
          <div
            class="mat-mdc-form-field-flex"
          >
            <div
              class="mdc-notched-outline mdc-notched-outline--upgraded"
              matformfieldnotchedoutline=""
            >
              <div
                class="mdc-notched-outline__leading"
              />
              <div
                class="mdc-notched-outline__notch"
              >
                <label
                  class="mdc-floating-label mat-mdc-floating-label"
                  matformfieldfloatinglabel=""
                  style="transition-duration: 0s;"
                >
                  <mat-label>
                    Pesquisar
                  </mat-label>
                  
                </label>
                
                
                
              </div>
              <div
                class="mdc-notched-outline__trailing"
              />
            </div>
            
            
            
            <div
              class="mat-mdc-form-field-infix"
            >
              
              <input
                aria-invalid="false"
                aria-required="false"
                class="mat-mdc-input-element mat-mdc-form-field-input-control mdc-text-field__input cdk-text-field-autofill-monitored"
                matinput=""
                placeholder="O que vocÃª procura?"
              />
            </div>
            
            
          </div>
          
        </div>
        <div
          class="mat-mdc-form-field-subscript-wrapper mat-mdc-form-field-bottom-align"
        >
          <div
            class="mat-mdc-form-field-hint-wrapper ng-trigger ng-trigger-transitionMessages"
            style="opacity: 1; transform: translateY(0%);"
          >
            
            <div
              class="mat-mdc-form-field-hint-spacer"
            />
          </div>
          
          
        </div>
      </mat-form-field>
    </form>
  </section>
</div>
`;
